Connect to replication server for resource /users
Init [
  [ '123', [ [Object] ] ],
  [ '124', [ [Object] ] ],
  [ '125', [ [Object] ] ]
]
Set /user/123 to { name: "daniel", country: "UK" }
Update [ [ '123', [ [Object] ] ] ]
Get /user/123 [ { country: 'UK', name: 'daniel' } ]
Delete /user/123
Update [ [ '123', [] ] ]
Get /user/123 []
