Listening for Bob's active friends in each group...
Initial data:  [ [ 1001, [ 1 ] ] ]
Setting Carol to active...
Updated data:  [ [ 1001, [ 1, 2 ] ], [ 1002, [ 2 ] ] ]
Setting Alice to inactive...
Updated data:  [ [ 1001, [ 2 ] ] ]
Setting Eve as Bob's friend...
Updated data:  [ [ 1001, [ 2, 3 ] ], [ 1002, [ 2 ] ] ]
Removing Carol and adding Eve to group 2...
Updated data:  [ [ 1002, [ 3 ] ] ]
Closing listener event stream...
