Init []
Update [ [ 'v1', [ 2 ] ] ]
Update [ [ 'v1', [ 4 ] ] ]
Update [ [ 'v1', [ -2 ] ] ]
Update [ [ 'v1', [ -5 ] ] ]
Update [ [ 'v1', [ 15 ] ] ]
Update [ [ 'v1', [ 9 ] ] ]
Update [ [ 'v1', [ -3 ] ], [ 'v2', [ 6 ] ] ]
Update [ [ 'v1', [ -5 ] ], [ 'v2', [ 36 ] ] ]
Update [ [ 'v1', [ 25 ] ] ]
Update [ [ 'v1', [ 55 ] ] ]
