Init []
Update [["A1",[23]],["A2",[2]]]
Update [["A3",[25]]]
Update [["A1",[5]],["A3",[7]]]
Update [["A4",[14]]]
Update [["A3",[]],["A4",["# Invalid value for cell 'A3'"]]]
