Init []
Update [ [ 'v1', [ 2 ] ] ]
Update [ [ 'v1', [ 5 ] ] ]
Update [ [ 'v1', [ 3 ] ] ]
Update [ [ 'v1', [ 5 ] ], [ 'v2', [ 6 ] ] ]
Update [ [ 'v1', [ 11 ] ] ]
